// Jest Snapshot v1, https://goo.gl/fbAQLP

exports[`should render object correctly 1`] = `
Array [
  <ObjectItem
    value={
      Object {
        "bar": Object {
          "a": 1,
          "b": "b",
        },
        "baz": true,
        "foo": "Far",
      }
    }
  >
    <table
      className="data"
    >
      <tbody>
        <tr
          key="foo"
        >
          <td
            className="thin nowrap"
          >
            foo
          </td>
          <td>
            <SysInfoItem
              name="foo"
              value="Far"
            >
              <code>
                Far
              </code>
            </SysInfoItem>
          </td>
        </tr>
        <tr
          key="bar"
        >
          <td
            className="thin nowrap"
          >
            bar
          </td>
          <td>
            <SysInfoItem
              name="bar"
              value={
                Object {
                  "a": 1,
                  "b": "b",
                }
              }
            >
              <ObjectItem
                value={
                  Object {
                    "a": 1,
                    "b": "b",
                  }
                }
              >
                <table
                  className="data"
                >
                  <tbody>
                    <tr
                      key="a"
                    >
                      <td
                        className="thin nowrap"
                      >
                        a
                      </td>
                      <td>
                        <SysInfoItem
                          name="a"
                          value={1}
                        >
                          <code>
                            1
                          </code>
                        </SysInfoItem>
                      </td>
                    </tr>
                    <tr
                      key="b"
                    >
                      <td
                        className="thin nowrap"
                      >
                        b
                      </td>
                      <td>
                        <SysInfoItem
                          name="b"
                          value="b"
                        >
                          <code>
                            b
                          </code>
                        </SysInfoItem>
                      </td>
                    </tr>
                  </tbody>
                </table>
              </ObjectItem>
            </SysInfoItem>
          </td>
        </tr>
        <tr
          key="baz"
        >
          <td
            className="thin nowrap"
          >
            baz
          </td>
          <td>
            <SysInfoItem
              name="baz"
              value={true}
            >
              <BooleanItem
                value={true}
              >
                <AlertSuccessIcon>
                  <Icon>
                    <svg
                      height={16}
                      style={
                        Object {
                          "clipRule": "evenodd",
                          "fillRule": "evenodd",
                          "strokeLinejoin": "round",
                          "strokeMiterlimit": 1.41421,
                        }
                      }
                      version="1.1"
                      viewBox="0 0 16 16"
                      width={16}
                      xmlSpace="preserve"
                      xmlnsXlink="http://www.w3.org/1999/xlink"
                    >
                      <path
                        d="M12.607 6.554q0-0.25-0.161-0.411l-0.813-0.804q-0.17-0.17-0.402-0.17t-0.402 0.17l-3.643 3.634-2.018-2.018q-0.17-0.17-0.402-0.17t-0.402 0.17l-0.813 0.804q-0.161 0.161-0.161 0.411 0 0.241 0.161 0.402l3.232 3.232q0.17 0.17 0.402 0.17 0.241 0 0.411-0.17l4.848-4.848q0.161-0.161 0.161-0.402zM14.857 8q0 1.866-0.92 3.442t-2.496 2.496-3.442 0.92-3.442-0.92-2.496-2.496-0.92-3.442 0.92-3.442 2.496-2.496 3.442-0.92 3.442 0.92 2.496 2.496 0.92 3.442z"
                        style={
                          Object {
                            "fill": "#00aa00",
                          }
                        }
                      />
                    </svg>
                  </Icon>
                </AlertSuccessIcon>
              </BooleanItem>
            </SysInfoItem>
          </td>
        </tr>
      </tbody>
    </table>
  </ObjectItem>,
  <ObjectItem
    value={
      Object {
        "a": 1,
        "b": "b",
      }
    }
  >
    <table
      className="data"
    >
      <tbody>
        <tr
          key="a"
        >
          <td
            className="thin nowrap"
          >
            a
          </td>
          <td>
            <SysInfoItem
              name="a"
              value={1}
            >
              <code>
                1
              </code>
            </SysInfoItem>
          </td>
        </tr>
        <tr
          key="b"
        >
          <td
            className="thin nowrap"
          >
            b
          </td>
          <td>
            <SysInfoItem
              name="b"
              value="b"
            >
              <code>
                b
              </code>
            </SysInfoItem>
          </td>
        </tr>
      </tbody>
    </table>
  </ObjectItem>,
]
`;
