// Jest Snapshot v1, https://goo.gl/fbAQLP

exports[`should correctly render a graph 1`] = `
<div
  className="project-activity-graph-container"
>
  <GraphsLegendStatic
    series={
      Array [
        Object {
          "data": Array [
            Object {
              "x": 2016-10-27T14:33:50.000Z,
              "y": 5,
            },
            Object {
              "x": 2016-10-27T10:21:15.000Z,
              "y": 16,
            },
            Object {
              "x": 2016-10-26T10:17:29.000Z,
              "y": 12,
            },
          ],
          "name": "bugs",
          "translatedName": "metric.bugs.name",
          "type": "INT",
        },
      ]
    }
  />
  <div
    className="project-activity-graph"
  >
    <AutoSizer
      disableHeight={false}
      disableWidth={false}
      onResize={[Function]}
      style={Object {}}
    >
      <Component />
    </AutoSizer>
  </div>
</div>
`;
