// Jest Snapshot v1, https://goo.gl/fbAQLP

exports[`renders 1`] = `
<Filter
  getFacetValueForOption={[Function]}
  header={
    <FilterHeader
      name="metric_domain.Coverage"
    />
  }
  highlightUnder={1}
  highlightUnderMax={5}
  onQueryChange={[MockFunction]}
  options={
    Array [
      1,
      2,
      3,
      4,
      5,
      6,
    ]
  }
  property="coverage"
  query={Object {}}
  renderOption={[Function]}
/>
`;

exports[`renders 2`] = `
<span>
  <CoverageRating
    muted={true}
    size="small"
    value={75}
  />
  <span
    className="spacer-left"
  >
    70% - 80%
  </span>
</span>
`;
