// Jest Snapshot v1, https://goo.gl/fbAQLP

exports[`renders 1`] = `
<Filter
  getFacetValueForOption={[Function]}
  header={
    <FilterHeader
      name="projects.facets.quality_gate"
    />
  }
  onQueryChange={[MockFunction]}
  options={
    Array [
      "OK",
      "WARN",
      "ERROR",
    ]
  }
  property="gate"
  query={Object {}}
  renderOption={[Function]}
/>
`;

exports[`renders 2`] = `
<React.Fragment>
  <Level
    level={2}
    muted={true}
    small={true}
  />
</React.Fragment>
`;
