// Jest Snapshot v1, https://goo.gl/fbAQLP

exports[`renders 1`] = `
<Modal
  contentLabel="branches.detection_of_long_living_branches"
  onRequestClose={[MockFunction]}
>
  <header
    className="modal-head"
  >
    <h2>
      branches.detection_of_long_living_branches
    </h2>
  </header>
  <SettingForm
    onChange={[MockFunction]}
    onClose={[MockFunction]}
    project="project"
    setting={
      Object {
        "key": "foo",
        "value": "bar",
      }
    }
  />
</Modal>
`;
