// Jest Snapshot v1, https://goo.gl/fbAQLP

exports[`render 1`] = `
<div
  className="page-wrapper-simple"
  id="bd"
>
  <div
    className="page-simple"
    id="nonav"
  >
    <div
      className="big-spacer-bottom js-provider-name"
    >
      <p
        className="little-spacer-bottom"
      >
        <FormattedMessage
          defaultMessage="sessions.update_login.1"
          id="sessions.update_login.1"
          values={
            Object {
              "providerName": <strong>
                GitHub
              </strong>,
            }
          }
        />
      </p>
    </div>
    <div
      className="big-spacer-bottom js-new-account"
    >
      <p
        className="little-spacer-bottom"
      >
        sessions.update_login.2
      </p>
      <div
        className="identity-provider"
        style={
          Object {
            "backgroundColor": "#444444",
            "color": "#fff",
          }
        }
      >
        <img
          alt="GitHub"
          className="little-spacer-right"
          height="14"
          src="/static/authgithub/github.svg"
          width="14"
        />
        foo
      </div>
    </div>
    <Alert
      variant="warning"
    >
      sessions.update_login.3
      <ul
        className="list-styled"
      >
        <li
          className="spacer-top js-old-organization-key"
        >
          <FormattedMessage
            defaultMessage="sessions.update_login.4"
            id="sessions.update_login.4"
            values={
              Object {
                "organizationKey": <strong>
                  old_foo@github
                </strong>,
              }
            }
          />
        </li>
        <li
          className="spacer-top js-old-login"
        >
          <FormattedMessage
            defaultMessage="sessions.update_login.5"
            id="sessions.update_login.5"
            values={
              Object {
                "login": <strong>
                  old_foo
                </strong>,
              }
            }
          />
        </li>
      </ul>
    </Alert>
    <div
      className="big-spacer-top text-right"
    >
      <a
        className="button js-continue"
        href="/sessions/init/github?allowUpdateLogin=true"
      >
        continue
      </a>
      <a
        className="big-spacer-left js-cancel"
        href="/"
      >
        cancel
      </a>
    </div>
  </div>
</div>
`;
