// Jest Snapshot v1, https://goo.gl/fbAQLP

exports[`renders correctly 1`] = `
<div>
  <h4
    className="spacer-bottom"
  >
    onboarding.analysis.msbuild.header
  </h4>
  <p
    className="spacer-bottom markdown"
    dangerouslySetInnerHTML={
      Object {
        "__html": "onboarding.analysis.msbuild.text",
      }
    }
  />
  <p>
    <a
      className="button"
      href="http://redirect.sonarsource.com/doc/install-configure-scanner-msbuild.html"
      rel="noopener noreferrer"
      target="_blank"
    >
      download_verb
    </a>
  </p>
</div>
`;
