// Jest Snapshot v1, https://goo.gl/fbAQLP

exports[`should display correctly 1`] = `
<div
  className="page-notifs"
>
  <Alert
    variant="info"
  >
    system.new_version_available
    <Button
      className="spacer-left"
      onClick={[Function]}
    >
      learn_more
    </Button>
  </Alert>
</div>
`;
