// Jest Snapshot v1, https://goo.gl/fbAQLP

exports[`renders 1`] = `
<div
  className="portfolio-box portfolio-maintainability"
>
  <h2
    className="portfolio-box-title"
  >
    metric_domain.Maintainability
    <MeasuresButtonLink
      component="foo"
      metric="Maintainability"
    />
    <HistoryButtonLink
      component="foo"
      metric="sqale_rating"
    />
  </h2>
  <MainRating
    component="foo"
    metric="sqale_rating"
    value="3"
  />
  <RatingFreshness
    lastChange="{\\"date\\":\\"2017-01-02T00:00:00.000Z\\",\\"value\\":2}"
    rating="3"
  />
  <Effort
    component="foo"
    effort={
      Object {
        "projects": 1,
        "rating": 3,
      }
    }
    metricKey="sqale_rating"
  />
</div>
`;
