// Jest Snapshot v1, https://goo.gl/fbAQLP

exports[`renders 1`] = `
<Link
  className="overview-quality-gate-condition overview-quality-gate-condition-error"
  onlyActiveOnIndex={false}
  style={Object {}}
  to={
    Object {
      "pathname": "/dashboard",
      "query": Object {
        "branch": undefined,
        "id": "foo",
      },
    }
  }
>
  <div
    className="application-quality-gate-project"
  >
    <h4>
      Foo
    </h4>
    <ul
      className="application-quality-gate-project-conditions"
    >
      <li
        className="is-on-leak"
        key="new_coverage"
      >
        <span
          className="text-limited"
        >
          <strong>
            82.5%
          </strong>
           
          Coverage on New Code
        </span>
        <span
          className="big-spacer-left text-danger"
        >
          quality_gates.operator.LT
           
          85.0%
        </span>
      </li>
      <li
        className=""
        key="bugs"
      >
        <span
          className="text-limited"
        >
          <strong>
            17
          </strong>
           
          Bugs
        </span>
        <span
          className="big-spacer-left text-warning"
        >
          quality_gates.operator.GT
           
          0
        </span>
      </li>
      <li
        className=""
        key="bugs"
      >
        <span
          className="text-limited"
        >
          <strong>
            3
          </strong>
           
          Bugs
           quality_gates.conditions.new_code
        </span>
        <span
          className="big-spacer-left text-danger"
        >
          quality_gates.operator.GT
           
          0
        </span>
      </li>
    </ul>
  </div>
</Link>
`;
